
> planning-solo@1.0.0 test:e2e
> playwright test --workers=4

[WebServer] (node:22728) Warning: The 'NO_COLOR' env is ignored due to the 'FORCE_COLOR' env being set.
[WebServer] (Use `node --trace-warnings ...` to show where the warning was created)

Running 156 tests using 4 workers

(node:5852) Warning: The 'NO_COLOR' env is ignored due to the 'FORCE_COLOR' env being set.
(Use `node --trace-warnings ...` to show where the warning was created)
(node:9516) Warning: The 'NO_COLOR' env is ignored due to the 'FORCE_COLOR' env being set.
(Use `node --trace-warnings ...` to show where the warning was created)
(node:24232) Warning: The 'NO_COLOR' env is ignored due to the 'FORCE_COLOR' env being set.
(Use `node --trace-warnings ...` to show where the warning was created)
(node:23772) Warning: The 'NO_COLOR' env is ignored due to the 'FORCE_COLOR' env being set.
(Use `node --trace-warnings ...` to show where the warning was created)
  ok   2 [ordinateur] › e2e\app.spec.ts:157:1 › les quatre soldes principaux et les autres congés restent en grilles équilibrées (2.8s)
  -    5 [ordinateur] › e2e\app.spec.ts:199:1 › la barre complète tient sur un Z Fold fermé
  ok   4 [ordinateur] › e2e\app.spec.ts:65:1 › mon planning et ses réglages partagent un seul cadre et l’export conserve les congés (2.9s)
  ok   3 [ordinateur] › e2e\app.spec.ts:81:1 › les outils de congés sont repliés par défaut sur tous les écrans (3.1s)
  ok   6 [ordinateur] › e2e\app.spec.ts:404:1 › les documents et contacts gardent trois onglets accessibles sur petit écran et Z Fold ouvert (3.0s)
  ok   1 [ordinateur] › e2e\accessibility.spec.ts:35:1 › les parcours essentiels ne présentent pas de violation d’accessibilité grave (6.1s)
  ok   8 [ordinateur] › e2e\app.spec.ts:625:1 › l’aide au partage est ouverte seulement lors de la première utilisation (3.9s)
  ok   9 [ordinateur] › e2e\app.spec.ts:652:1 › une invitation acceptée propose le partage en retour (1.8s)
  ok  10 [ordinateur] › e2e\app.spec.ts:669:1 › une demi-journée reste le prochain jour travaillé et y est précisée (1.7s)
  ok  11 [ordinateur] › e2e\app.spec.ts:691:1 › Aujourd’hui conserve le groupe pendant la demi-journée travaillée (1.8s)
  ok  12 [ordinateur] › e2e\app.spec.ts:713:1 › l’accueil signale uniquement les horaires de travail manquants (1.8s)
  ok   7 [ordinateur] › e2e\app.spec.ts:454:1 › le partage de planning reste lisible et privé sur téléphone (7.7s)
  ok  16 [ordinateur] › e2e\app.spec.ts:1096:1 › le planning avec congés se génère avec les catégories d’absence (5.8s)
  ok  13 [ordinateur] › e2e\app.spec.ts:725:1 › une photo de bulletin est reconnue localement (8.6s)
  ok  15 [ordinateur] › e2e\app.spec.ts:1038:1 › la messagerie interne reste privée, compacte et utilisable avec une photo (7.8s)
  ok  18 [ordinateur] › e2e\app.spec.ts:1251:1 › l’administrateur peut préparer un document et l’alerte invitée ouvre la bonne rubrique (4.7s)
  ok  17 [ordinateur] › e2e\app.spec.ts:1134:1 › les formulaires utiles conservent leurs dossiers, leur ordre et leur téléchargement (4.9s)
  -   21 [ordinateur] › e2e\app.spec.ts:1460:1 › Z Fold ouvert : la déclaration d’accident reste lisible sans débordement
  ok  19 [ordinateur] › e2e\app.spec.ts:1279:1 › l’administrateur peut afficher un message collectif sans envoyer d’e-mail (4.3s)
  ok  23 [ordinateur] › e2e\app.spec.ts:1640:1 › le tampon de fermeture conserve la date lisible sur ordinateur et téléphone (1.8s)
  ok  22 [ordinateur] › e2e\app.spec.ts:1490:1 › la programmation GP suit l’ordre demandé et sépare les autres espaces (3.8s)
  ok  24 [ordinateur] › e2e\app.spec.ts:1664:1 › les vacances scolaires restent facultatives et respectent la zone choisie (2.5s)
  x   14 [ordinateur] › e2e\app.spec.ts:812:1 › menu, contact administratrice, paie et PDF restent accessibles (13.1s)
  ok  25 [ordinateur] › e2e\app.spec.ts:1707:1 › les sigles de congé restent lisibles à côté de l’encadré d’Agnès sur écran fermé (1.9s)
  ok  20 [ordinateur] › e2e\app.spec.ts:1301:1 › la déclaration d’accident réunit les démarches et marque le planning sans carence (6.7s)
  ok  26 [ordinateur] › e2e\app.spec.ts:1743:1 › une fermeture exceptionnelle peut être ajoutée puis retirée manuellement (2.4s)
(node:22016) Warning: The 'NO_COLOR' env is ignored due to the 'FORCE_COLOR' env being set.
(Use `node --trace-warnings ...` to show where the warning was created)
  ok  27 [ordinateur] › e2e\app.spec.ts:1810:1 › les contacts utiles sont classés et directement appelables (4.4s)
  ok  28 [ordinateur] › e2e\app.spec.ts:1920:1 › un échange exige et modifie toujours ses deux journées ensemble (3.9s)
  ok  30 [ordinateur] › e2e\app.spec.ts:1767:1 › le compte administrateur peut valider seul une mise à jour du Grand Palais (2.8s)
  ok  31 [ordinateur] › e2e\app.spec.ts:2155:1 › un congé posé sur une formation retire cette date du prochain jour travaillé (1.7s)
  -   34 [ordinateur] › e2e\app.spec.ts:2221:1 › les menus déroulants restent entièrement visibles sur téléphone
  -   35 [ordinateur] › e2e\app.spec.ts:2272:1 › le balayage mobile navigue entre toutes les rubriques
  ok  32 [ordinateur] › e2e\app.spec.ts:2162:1 › une formation posée en récupération est retirée du prochain jour travaillé (2.0s)
  -   36 [ordinateur] › e2e\app.spec.ts:2298:1 › le balayage du calendrier mobile change seulement de mois
  -   37 [ordinateur] › e2e\app.spec.ts:2328:1 › le Z Fold ouvert garde un grand en-tête et le balayage tactile
  ok  33 [ordinateur] › e2e\app.spec.ts:2170:1 › une fermeture exceptionnelle retire la présence et le prochain jour reste réellement travaillé (1.6s)
[WebServer] 23:20:47 [vite] (client) [console.warn] Warning:
[WebServer] 
[WebServer] DO NOT USE HTTP IN PRODUCTION FOR GOTRUE EVER!
[WebServer] GoTrue REQUIRES HTTPS to work securely.
[WebServer] 23:20:47 [vite] (client) [console.warn] Warning:
[WebServer] 
[WebServer] DO NOT USE HTTP IN PRODUCTION FOR GOTRUE EVER!
[WebServer] GoTrue REQUIRES HTTPS to work securely.
  ok  38 [ordinateur] › e2e\app.spec.ts:2401:1 › le paramètre de démonstration ne donne plus accès à l’application (1.5s)
  ok  39 [ordinateur] › e2e\app.spec.ts:2408:1 › un compte invité peut demander un nouveau mot de passe (1.7s)
  ok  40 [ordinateur] › e2e\app.spec.ts:2422:1 › une panne des notifications ne bloque pas l’ouverture de l’application (2.5s)
  x   29 [ordinateur] › e2e\app.spec.ts:2003:1 › l’en-tête, le sélecteur d’affichage et les années sont confortables (7.4s)
(node:24108) Warning: The 'NO_COLOR' env is ignored due to the 'FORCE_COLOR' env being set.
(Use `node --trace-warnings ...` to show where the warning was created)
  ok  43 [ordinateur] › e2e\app.spec.ts:2566:1 › un solde manuel supérieur à 24 heures est bien enregistré (3.3s)
  ok  44 [ordinateur] › e2e\app.spec.ts:2589:1 › les heures supplémentaires du dimanche sont acceptées et reconnues (3.5s)
  x   41 [ordinateur] › e2e\app.spec.ts:2437:1 › le compte avertit lorsqu’une nouvelle version est disponible (7.1s)
(node:23160) Warning: The 'NO_COLOR' env is ignored due to the 'FORCE_COLOR' env being set.
(Use `node --trace-warnings ...` to show where the warning was created)
  ok  45 [ordinateur] › e2e\app.spec.ts:2612:1 › une formation utilise le bon nombre d’heures et apparaît en REC (6.2s)
  x   42 [ordinateur] › e2e\app.spec.ts:2465:1 › le CET se configure et conserve un historique cohérent (8.8s)
  ok  46 [ordinateur] › e2e\app.spec.ts:2667:1 › les horaires du profil alimentent les propositions de congé et récupération (6.1s)
  ok  48 [ordinateur] › e2e\app.spec.ts:2759:1 › Divers indique que je ne travaille pas aujourd’hui (2.2s)
  ok  47 [ordinateur] › e2e\app.spec.ts:2725:1 › Divers est explicite et le résumé apparaît avant validation (4.6s)
(node:24304) Warning: The 'NO_COLOR' env is ignored due to the 'FORCE_COLOR' env being set.
(Use `node --trace-warnings ...` to show where the warning was created)
  ok  50 [ordinateur] › e2e\app.spec.ts:2941:1 › une grève peut être posée directement depuis une case (2.3s)
  ok  51 [ordinateur] › e2e\app.spec.ts:2953:1 › des CA validés entre deux grèves restent exclus de la retenue (4.0s)
  ok  53 [ordinateur] › e2e\app.spec.ts:2783:1 › un férié couvert par une absence est annulé et retiré de la paie (3.7s)
  ok  52 [ordinateur] › e2e\app.spec.ts:2970:1 › des repos noirs entre deux grèves sont inclus automatiquement dans la retenue (5.6s)
  ok  54 [ordinateur] › e2e\app.spec.ts:3016:1 › un congé souhaité s’ajoute et se retire sans enregistrer (2.5s)
  ok  55 [ordinateur] › e2e\app.spec.ts:3032:1 › le congé CET est proposé depuis les demandes et depuis une case (2.9s)
  ok  57 [ordinateur] › e2e\app.spec.ts:3092:1 › la demande guide sans masquer les options avancées (2.9s)
  ok  56 [ordinateur] › e2e\app.spec.ts:3045:1 › les choix principaux et ceux d’une date suivent l’ordre demandé (3.3s)
  ok  49 [ordinateur] › e2e\app.spec.ts:2811:1 › une grève met à jour le planning, les jours travaillés et la paie (11.7s)
  ok  59 [ordinateur] › e2e\app.spec.ts:3144:1 › une récupération lancée depuis une case suit aussi le calendrier (3.1s)
  ok  62 [ordinateur] › e2e\app.spec.ts:3207:1 › nettoyage et gestion d’un congé utilisent des actions directes (2.8s)
  ok  61 [ordinateur] › e2e\app.spec.ts:3186:1 › une demande mixte accepte 3 CA, 2 RTT et 3 CET (6.3s)
  ok  58 [ordinateur] › e2e\app.spec.ts:3109:1 › une récupération ordinaire affiche le cycle sans reproposer Formation (8.2s)
  -   65 [ordinateur] › e2e\app.spec.ts:3309:1 › la signature enregistrée sur téléphone est synchronisée avec le profil
  ok  63 [ordinateur] › e2e\app.spec.ts:3243:1 › les parcours congé, récupération et maladie s’ouvrent correctement (4.3s)
  ok  60 [ordinateur] › e2e\app.spec.ts:3163:1 › les congés mensuels affichent les repères CA RTT et FRA (10.0s)
  ok  66 [ordinateur] › e2e\app.spec.ts:3352:1 › les détails des soldes séparent les congés pris et à venir (3.6s)
  ok  64 [ordinateur] › e2e\app.spec.ts:3284:1 › les dates choisies sont préremplies dans le formulaire de congé (5.2s)
  -   70 [ordinateur] › e2e\app.spec.ts:3533:1 › Z Fold ouvert : le tableau de bord de paie garde sa grille sans débordement
  ok  68 [ordinateur] › e2e\app.spec.ts:3486:1 › le mois de paie reste indépendant du planning et suit une alerte datée (5.3s)
  ok  67 [ordinateur] › e2e\app.spec.ts:3406:1 › Ma paie couvre août, septembre et octobre avec un calcul détaillé (5.7s)
  ok  69 [ordinateur] › e2e\app.spec.ts:3512:1 › le profil de paie d’une nouvelle année peut être confirmé sans modifier un montant (4.7s)
  ok  71 [ordinateur] › e2e\app.spec.ts:3553:1 › le tableau de bord de paie ouvre ses deux pages détaillées (4.1s)
  ok  72 [ordinateur] › e2e\app.spec.ts:3606:1 › la recherche des groupes distingue le chargement, une panne et un résultat (2.8s)
  ok  75 [ordinateur] › e2e\app.spec.ts:3696:1 › Mika et Agnès peuvent supprimer chaque note partagée après confirmation (2.9s)
  ok  76 [ordinateur] › e2e\form.spec.ts:3:1 › le formulaire modulaire charge ses données et ses commandes (1.0s)
  ok  73 [ordinateur] › e2e\app.spec.ts:3642:1 › une paie incomplète conduit directement aux champs à renseigner (3.8s)
  ok  74 [ordinateur] › e2e\app.spec.ts:3667:1 › le groupe, les notes, les sauvegardes et le retour du formulaire restent accessibles (4.4s)
(node:16168) Warning: The 'NO_COLOR' env is ignored due to the 'FORCE_COLOR' env being set.
(Use `node --trace-warnings ...` to show where the warning was created)
(node:12096) Warning: The 'NO_COLOR' env is ignored due to the 'FORCE_COLOR' env being set.
(Use `node --trace-warnings ...` to show where the warning was created)
(node:24976) Warning: The 'NO_COLOR' env is ignored due to the 'FORCE_COLOR' env being set.
(Use `node --trace-warnings ...` to show where the warning was created)
(node:3592) Warning: The 'NO_COLOR' env is ignored due to the 'FORCE_COLOR' env being set.
(Use `node --trace-warnings ...` to show where the warning was created)
  ok  77 [mobile] › e2e\app.spec.ts:81:1 › les outils de congés sont repliés par défaut sur tous les écrans (3.2s)
  ok  79 [mobile] › e2e\app.spec.ts:157:1 › les quatre soldes principaux et les autres congés restent en grilles équilibrées (5.2s)
  ok  80 [mobile] › e2e\app.spec.ts:65:1 › mon planning et ses réglages partagent un seul cadre et l’export conserve les congés (5.0s)
  ok  81 [mobile] › e2e\app.spec.ts:199:1 › la barre complète tient sur un Z Fold fermé (3.0s)
  ok  78 [mobile] › e2e\accessibility.spec.ts:35:1 › les parcours essentiels ne présentent pas de violation d’accessibilité grave (7.3s)
  ok  82 [mobile] › e2e\app.spec.ts:404:1 › les documents et contacts gardent trois onglets accessibles sur petit écran et Z Fold ouvert (3.3s)
  ok  85 [mobile] › e2e\app.spec.ts:652:1 › une invitation acceptée propose le partage en retour (2.1s)
  ok  84 [mobile] › e2e\app.spec.ts:625:1 › l’aide au partage est ouverte seulement lors de la première utilisation (4.4s)
  ok  86 [mobile] › e2e\app.spec.ts:669:1 › une demi-journée reste le prochain jour travaillé et y est précisée (2.4s)
  ok  87 [mobile] › e2e\app.spec.ts:691:1 › Aujourd’hui conserve le groupe pendant la demi-journée travaillée (2.2s)
  ok  83 [mobile] › e2e\app.spec.ts:454:1 › le partage de planning reste lisible et privé sur téléphone (6.7s)
  ok  88 [mobile] › e2e\app.spec.ts:713:1 › l’accueil signale uniquement les horaires de travail manquants (2.1s)
  ok  92 [mobile] › e2e\app.spec.ts:1096:1 › le planning avec congés se génère avec les catégories d’absence (3.6s)
  ok  89 [mobile] › e2e\app.spec.ts:725:1 › une photo de bulletin est reconnue localement (5.7s)
  ok  91 [mobile] › e2e\app.spec.ts:1038:1 › la messagerie interne reste privée, compacte et utilisable avec une photo (7.7s)
  ok  93 [mobile] › e2e\app.spec.ts:1134:1 › les formulaires utiles conservent leurs dossiers, leur ordre et leur téléchargement (5.1s)
  ok  94 [mobile] › e2e\app.spec.ts:1251:1 › l’administrateur peut préparer un document et l’alerte invitée ouvre la bonne rubrique (5.3s)
  -   97 [mobile] › e2e\app.spec.ts:1460:1 › Z Fold ouvert : la déclaration d’accident reste lisible sans débordement
  ok  95 [mobile] › e2e\app.spec.ts:1279:1 › l’administrateur peut afficher un message collectif sans envoyer d’e-mail (4.8s)
  ok  99 [mobile] › e2e\app.spec.ts:1640:1 › le tampon de fermeture conserve la date lisible sur ordinateur et téléphone (1.9s)
  ok  96 [mobile] › e2e\app.spec.ts:1301:1 › la déclaration d’accident réunit les démarches et marque le planning sans carence (6.3s)
  x   90 [mobile] › e2e\app.spec.ts:812:1 › menu, contact administratrice, paie et PDF restent accessibles (13.8s)
  ok  98 [mobile] › e2e\app.spec.ts:1490:1 › la programmation GP suit l’ordre demandé et sépare les autres espaces (7.0s)
  ok 100 [mobile] › e2e\app.spec.ts:1664:1 › les vacances scolaires restent facultatives et respectent la zone choisie (3.0s)
(node:2676) Warning: The 'NO_COLOR' env is ignored due to the 'FORCE_COLOR' env being set.
(Use `node --trace-warnings ...` to show where the warning was created)
  ok 101 [mobile] › e2e\app.spec.ts:1707:1 › les sigles de congé restent lisibles à côté de l’encadré d’Agnès sur écran fermé (3.4s)
  ok 102 [mobile] › e2e\app.spec.ts:1767:1 › le compte administrateur peut valider seul une mise à jour du Grand Palais (2.5s)
  ok 103 [mobile] › e2e\app.spec.ts:1810:1 › les contacts utiles sont classés et directement appelables (4.1s)
  ok 104 [mobile] › e2e\app.spec.ts:1920:1 › un échange exige et modifie toujours ses deux journées ensemble (3.7s)
  ok 107 [mobile] › e2e\app.spec.ts:2155:1 › un congé posé sur une formation retire cette date du prochain jour travaillé (1.9s)
  ok 108 [mobile] › e2e\app.spec.ts:2162:1 › une formation posée en récupération est retirée du prochain jour travaillé (1.9s)
  ok 105 [mobile] › e2e\app.spec.ts:1743:1 › une fermeture exceptionnelle peut être ajoutée puis retirée manuellement (5.2s)
  ok 109 [mobile] › e2e\app.spec.ts:2170:1 › une fermeture exceptionnelle retire la présence et le prochain jour reste réellement travaillé (1.8s)
  ok 112 [mobile] › e2e\app.spec.ts:2298:1 › le balayage du calendrier mobile change seulement de mois (2.4s)
  ok 111 [mobile] › e2e\app.spec.ts:2272:1 › le balayage mobile navigue entre toutes les rubriques (3.3s)
  x  106 [mobile] › e2e\app.spec.ts:2003:1 › l’en-tête, le sélecteur d’affichage et les années sont confortables (7.6s)
[WebServer] 23:22:16 [vite] (client) [console.warn] Warning:
[WebServer] 
[WebServer] DO NOT USE HTTP IN PRODUCTION FOR GOTRUE EVER!
[WebServer] GoTrue REQUIRES HTTPS to work securely.
  ok 114 [mobile] › e2e\app.spec.ts:2401:1 › le paramètre de démonstration ne donne plus accès à l’application (1.5s)
  ok 110 [mobile] › e2e\app.spec.ts:2221:1 › les menus déroulants restent entièrement visibles sur téléphone (5.8s)
(node:9152) Warning: The 'NO_COLOR' env is ignored due to the 'FORCE_COLOR' env being set.
(Use `node --trace-warnings ...` to show where the warning was created)
  ok 113 [mobile] › e2e\app.spec.ts:2328:1 › le Z Fold ouvert garde un grand en-tête et le balayage tactile (4.0s)
[WebServer] 23:22:19 [vite] (client) [console.warn] Warning:
[WebServer] 
[WebServer] DO NOT USE HTTP IN PRODUCTION FOR GOTRUE EVER!
[WebServer] GoTrue REQUIRES HTTPS to work securely.
  ok 115 [mobile] › e2e\app.spec.ts:2422:1 › une panne des notifications ne bloque pas l’ouverture de l’application (3.1s)
  ok 117 [mobile] › e2e\app.spec.ts:2408:1 › un compte invité peut demander un nouveau mot de passe (1.7s)
  ok 119 [mobile] › e2e\app.spec.ts:2566:1 › un solde manuel supérieur à 24 heures est bien enregistré (2.5s)
  ok 120 [mobile] › e2e\app.spec.ts:2589:1 › les heures supplémentaires du dimanche sont acceptées et reconnues (2.6s)
  x  116 [mobile] › e2e\app.spec.ts:2437:1 › le compte avertit lorsqu’une nouvelle version est disponible (7.4s)
(node:11308) Warning: The 'NO_COLOR' env is ignored due to the 'FORCE_COLOR' env being set.
(Use `node --trace-warnings ...` to show where the warning was created)
  x  118 [mobile] › e2e\app.spec.ts:2465:1 › le CET se configure et conserve un historique cohérent (7.4s)
  ok 121 [mobile] › e2e\app.spec.ts:2612:1 › une formation utilise le bon nombre d’heures et apparaît en REC (4.5s)
(node:20892) Warning: The 'NO_COLOR' env is ignored due to the 'FORCE_COLOR' env being set.
(Use `node --trace-warnings ...` to show where the warning was created)
  ok 122 [mobile] › e2e\app.spec.ts:2667:1 › les horaires du profil alimentent les propositions de congé et récupération (6.7s)
  ok 124 [mobile] › e2e\app.spec.ts:2783:1 › un férié couvert par une absence est annulé et retiré de la paie (2.7s)
  ok 123 [mobile] › e2e\app.spec.ts:2725:1 › Divers est explicite et le résumé apparaît avant validation (3.7s)
  ok 125 [mobile] › e2e\app.spec.ts:2759:1 › Divers indique que je ne travaille pas aujourd’hui (2.4s)
  ok 127 [mobile] › e2e\app.spec.ts:2941:1 › une grève peut être posée directement depuis une case (3.4s)
  ok 128 [mobile] › e2e\app.spec.ts:2953:1 › des CA validés entre deux grèves restent exclus de la retenue (3.2s)
  ok 130 [mobile] › e2e\app.spec.ts:3016:1 › un congé souhaité s’ajoute et se retire sans enregistrer (3.0s)
  ok 129 [mobile] › e2e\app.spec.ts:2970:1 › des repos noirs entre deux grèves sont inclus automatiquement dans la retenue (5.0s)
  ok 131 [mobile] › e2e\app.spec.ts:3032:1 › le congé CET est proposé depuis les demandes et depuis une case (3.6s)
  ok 126 [mobile] › e2e\app.spec.ts:2811:1 › une grève met à jour le planning, les jours travaillés et la paie (8.4s)
  ok 133 [mobile] › e2e\app.spec.ts:3092:1 › la demande guide sans masquer les options avancées (3.0s)
  ok 132 [mobile] › e2e\app.spec.ts:3045:1 › les choix principaux et ceux d’une date suivent l’ordre demandé (3.2s)
  ok 135 [mobile] › e2e\app.spec.ts:3144:1 › une récupération lancée depuis une case suit aussi le calendrier (2.8s)
  ok 138 [mobile] › e2e\app.spec.ts:3207:1 › nettoyage et gestion d’un congé utilisent des actions directes (3.8s)
  ok 134 [mobile] › e2e\app.spec.ts:3109:1 › une récupération ordinaire affiche le cycle sans reproposer Formation (6.8s)
  ok 136 [mobile] › e2e\app.spec.ts:3163:1 › les congés mensuels affichent les repères CA RTT et FRA (5.8s)
  ok 137 [mobile] › e2e\app.spec.ts:3186:1 › une demande mixte accepte 3 CA, 2 RTT et 3 CET (7.0s)
  ok 141 [mobile] › e2e\app.spec.ts:3309:1 › la signature enregistrée sur téléphone est synchronisée avec le profil (2.2s)
  ok 140 [mobile] › e2e\app.spec.ts:3284:1 › les dates choisies sont préremplies dans le formulaire de congé (3.8s)
  ok 139 [mobile] › e2e\app.spec.ts:3243:1 › les parcours congé, récupération et maladie s’ouvrent correctement (4.9s)
  ok 142 [mobile] › e2e\app.spec.ts:3352:1 › les détails des soldes séparent les congés pris et à venir (4.2s)
  -  146 [mobile] › e2e\app.spec.ts:3533:1 › Z Fold ouvert : le tableau de bord de paie garde sa grille sans débordement
  ok 143 [mobile] › e2e\app.spec.ts:3406:1 › Ma paie couvre août, septembre et octobre avec un calcul détaillé (6.1s)
  ok 144 [mobile] › e2e\app.spec.ts:3486:1 › le mois de paie reste indépendant du planning et suit une alerte datée (5.7s)
  ok 145 [mobile] › e2e\app.spec.ts:3512:1 › le profil de paie d’une nouvelle année peut être confirmé sans modifier un montant (5.2s)
  ok 147 [mobile] › e2e\app.spec.ts:3553:1 › le tableau de bord de paie ouvre ses deux pages détaillées (4.6s)
  ok 148 [mobile] › e2e\app.spec.ts:3606:1 › la recherche des groupes distingue le chargement, une panne et un résultat (2.5s)
  ok 152 [mobile] › e2e\form.spec.ts:3:1 › le formulaire modulaire charge ses données et ses commandes (1.4s)
  ok 151 [mobile] › e2e\app.spec.ts:3696:1 › Mika et Agnès peuvent supprimer chaque note partagée après confirmation (2.3s)
  ok 150 [mobile] › e2e\app.spec.ts:3667:1 › le groupe, les notes, les sauvegardes et le retour du formulaire restent accessibles (3.8s)
  ok 149 [mobile] › e2e\app.spec.ts:3642:1 › une paie incomplète conduit directement aux champs à renseigner (5.3s)
(node:20268) Warning: The 'NO_COLOR' env is ignored due to the 'FORCE_COLOR' env being set.
(Use `node --trace-warnings ...` to show where the warning was created)
(node:16456) Warning: The 'NO_COLOR' env is ignored due to the 'FORCE_COLOR' env being set.
(Use `node --trace-warnings ...` to show where the warning was created)
(node:23280) Warning: The 'NO_COLOR' env is ignored due to the 'FORCE_COLOR' env being set.
(Use `node --trace-warnings ...` to show where the warning was created)
(node:23636) Warning: The 'NO_COLOR' env is ignored due to the 'FORCE_COLOR' env being set.
(Use `node --trace-warnings ...` to show where the warning was created)
  ok 154 [z-fold] › e2e\app.spec.ts:2328:1 › le Z Fold ouvert garde un grand en-tête et le balayage tactile (5.3s)
  ok 155 [z-fold] › e2e\app.spec.ts:404:1 › les documents et contacts gardent trois onglets accessibles sur petit écran et Z Fold ouvert (5.4s)
  ok 153 [z-fold] › e2e\app.spec.ts:1460:1 › Z Fold ouvert : la déclaration d’accident reste lisible sans débordement (6.0s)
  ok 156 [z-fold] › e2e\app.spec.ts:3533:1 › Z Fold ouvert : le tableau de bord de paie garde sa grille sans débordement (5.3s)


  1) [ordinateur] › e2e\app.spec.ts:812:1 › menu, contact administratrice, paie et PDF restent accessibles 

    Error: expect(locator).toHaveCSS(expected) failed

    Locator:  locator('.pdf-download-screen')
    Expected: "rgba(91, 111, 132, 0.42)"
    Received: "rgba(91, 111, 132, 0.25)"
    Timeout:  5000ms

    Call log:
      - Expect "toHaveCSS" with timeout 5000ms
      - waiting for locator('.pdf-download-screen')
        13 × locator resolved to <section id="planning-pdf" class="pdf-download-screen" aria-labelledby="pdf-download-title">…</section>
           - unexpected value "rgba(91, 111, 132, 0.25)"


       995 |   await expectHeaderWidth(pdfScreen);
       996 |   expect(await pdfScreen.evaluate((node) => getComputedStyle(node).backgroundImage)).not.toContain("pdf-art.jpg");
    >  997 |   await expect(pdfScreen).toHaveCSS("border-top-color", "rgba(91, 111, 132, 0.42)");
           |                           ^
       998 |   await expect(page.getByRole("heading", { name: "Préparer le planning" })).toBeVisible();
       999 |   await expect(page.getByRole("heading", { name: "Choisir le document" })).toBeVisible();
      1000 |   await expect(pdfScreen.locator(".pdf-download-settings > label").first()).toHaveCSS("border-top-width", "1px");
        at D:\Downloads\planning-solo\e2e\app.spec.ts:997:27

    attachment #1: screenshot (image/png) ──────────────────────────────────────────────────────────
    test-results\app-menu-contact-administr-bc6a8--et-PDF-restent-accessibles-ordinateur\test-failed-1.png
    ────────────────────────────────────────────────────────────────────────────────────────────────

    Error Context: test-results\app-menu-contact-administr-bc6a8--et-PDF-restent-accessibles-ordinateur\error-context.md

    attachment #3: trace (application/zip) ─────────────────────────────────────────────────────────
    test-results\app-menu-contact-administr-bc6a8--et-PDF-restent-accessibles-ordinateur\trace.zip
    Usage:

        npx playwright show-trace test-results\app-menu-contact-administr-bc6a8--et-PDF-restent-accessibles-ordinateur\trace.zip

    ────────────────────────────────────────────────────────────────────────────────────────────────

  2) [ordinateur] › e2e\app.spec.ts:2003:1 › l’en-tête, le sélecteur d’affichage et les années sont confortables 

    Error: expect(locator).toHaveCSS(expected) failed

    Locator:  locator('.today-overview')
    Expected: "rgba(91, 111, 132, 0.42)"
    Received: "rgba(91, 111, 132, 0.25)"
    Timeout:  5000ms

    Call log:
      - Expect "toHaveCSS" with timeout 5000ms
      - waiting for locator('.today-overview')
        14 × locator resolved to <section class="today-overview" aria-labelledby="today-title">…</section>
           - unexpected value "rgba(91, 111, 132, 0.25)"


      2018 |   await expect(update).toHaveCount(0);
      2019 |   await expect(switcher).toHaveCSS("border-top-color", "rgba(0, 0, 0, 0.62)");
    > 2020 |   await expect(page.locator(".today-overview")).toHaveCSS("border-top-color", "rgba(91, 111, 132, 0.42)");
           |                                                 ^
      2021 |   const todayHeadingBox = await page.locator(".today-overview-heading").boundingBox();
      2022 |   const headerBox = await header.boundingBox();
      2023 |   const todayOverviewBox = await page.locator(".today-overview").boundingBox();
        at D:\Downloads\planning-solo\e2e\app.spec.ts:2020:49

    attachment #1: screenshot (image/png) ──────────────────────────────────────────────────────────
    test-results\app-l’en-tête-le-sélecteur-90b24-es-années-sont-confortables-ordinateur\test-failed-1.png
    ────────────────────────────────────────────────────────────────────────────────────────────────

    Error Context: test-results\app-l’en-tête-le-sélecteur-90b24-es-années-sont-confortables-ordinateur\error-context.md

    attachment #3: trace (application/zip) ─────────────────────────────────────────────────────────
    test-results\app-l’en-tête-le-sélecteur-90b24-es-années-sont-confortables-ordinateur\trace.zip
    Usage:

        npx playwright show-trace test-results\app-l’en-tête-le-sélecteur-90b24-es-années-sont-confortables-ordinateur\trace.zip

    ────────────────────────────────────────────────────────────────────────────────────────────────

  3) [ordinateur] › e2e\app.spec.ts:2437:1 › le compte avertit lorsqu’une nouvelle version est disponible 

    Error: expect(locator).toHaveCSS(expected) failed

    Locator:  getByRole('alertdialog', { name: 'Une mise à jour est disponible' }).getByRole('button', { name: 'Mettre à jour maintenant' })
    Expected: "rgb(197, 47, 66)"
    Received: "rgb(73, 100, 141)"
    Timeout:  5000ms

    Call log:
      - Expect "toHaveCSS" with timeout 5000ms
      - waiting for getByRole('alertdialog', { name: 'Une mise à jour est disponible' }).getByRole('button', { name: 'Mettre à jour maintenant' })
        13 × locator resolved to <button type="button" class="save-button update-now-button">Mettre à jour maintenant</button>
           - unexpected value "rgb(73, 100, 141)"


      2445 |   const updateNowButton = updateDialog.getByRole("button", { name: "Mettre à jour maintenant" });
      2446 |   await expect(updateNowButton).toBeVisible();
    > 2447 |   await expect(updateNowButton).toHaveCSS("background-color", "rgb(197, 47, 66)");
           |                                 ^
      2448 |   await expect(updateNowButton).toHaveCSS("color", "rgb(255, 255, 255)");
      2449 |   await page.waitForTimeout(500);
      2450 |   await expect.poll(() => page.evaluate(() => localStorage.getItem("planning:update-no-auto-reload"))).toBe("conservé");
        at D:\Downloads\planning-solo\e2e\app.spec.ts:2447:33

    attachment #1: screenshot (image/png) ──────────────────────────────────────────────────────────
    test-results\app-le-compte-avertit-lors-34d66-elle-version-est-disponible-ordinateur\test-failed-1.png
    ────────────────────────────────────────────────────────────────────────────────────────────────

    Error Context: test-results\app-le-compte-avertit-lors-34d66-elle-version-est-disponible-ordinateur\error-context.md

    attachment #3: trace (application/zip) ─────────────────────────────────────────────────────────
    test-results\app-le-compte-avertit-lors-34d66-elle-version-est-disponible-ordinateur\trace.zip
    Usage:

        npx playwright show-trace test-results\app-le-compte-avertit-lors-34d66-elle-version-est-disponible-ordinateur\trace.zip

    ────────────────────────────────────────────────────────────────────────────────────────────────

  4) [ordinateur] › e2e\app.spec.ts:2465:1 › le CET se configure et conserve un historique cohérent 

    Error: expect(locator).toHaveCSS(expected) failed

    Locator:  getByRole('button', { name: 'Faire une demande d’ouverture' })
    Expected: "rgb(49, 94, 170)"
    Received: "rgb(73, 100, 141)"
    Timeout:  5000ms

    Call log:
      - Expect "toHaveCSS" with timeout 5000ms
      - waiting for getByRole('button', { name: 'Faire une demande d’ouverture' })
        14 × locator resolved to <button type="button" class="primary-action cet-opening-request-action">Faire une demande d’ouverture</button>
           - unexpected value "rgb(73, 100, 141)"


      2483 |   await expect(page.getByLabel("Date d’ouverture (facultatif)")).toHaveCount(0);
      2484 |   const openingRequest = page.getByRole("button", { name: "Faire une demande d’ouverture" });
    > 2485 |   await expect(openingRequest).toHaveCSS("background-color", "rgb(49, 94, 170)");
           |                                ^
      2486 |   await expect(openingRequest).toHaveCSS("color", "rgb(255, 255, 255)");
      2487 |   await openingRequest.click();
      2488 |   const openingForm = page.getByRole("dialog", { name: "Ouvrir mon compte épargne-temps" });
        at D:\Downloads\planning-solo\e2e\app.spec.ts:2485:32

    attachment #1: screenshot (image/png) ──────────────────────────────────────────────────────────
    test-results\app-le-CET-se-configure-et-conserve-un-historique-cohérent-ordinateur\test-failed-1.png
    ────────────────────────────────────────────────────────────────────────────────────────────────

    Error Context: test-results\app-le-CET-se-configure-et-conserve-un-historique-cohérent-ordinateur\error-context.md

    attachment #3: trace (application/zip) ─────────────────────────────────────────────────────────
    test-results\app-le-CET-se-configure-et-conserve-un-historique-cohérent-ordinateur\trace.zip
    Usage:

        npx playwright show-trace test-results\app-le-CET-se-configure-et-conserve-un-historique-cohérent-ordinateur\trace.zip

    ────────────────────────────────────────────────────────────────────────────────────────────────

  5) [mobile] › e2e\app.spec.ts:812:1 › menu, contact administratrice, paie et PDF restent accessibles 

    Error: expect(locator).toHaveCSS(expected) failed

    Locator:  locator('.pdf-download-screen')
    Expected: "rgba(91, 111, 132, 0.42)"
    Received: "rgba(91, 111, 132, 0.25)"
    Timeout:  5000ms

    Call log:
      - Expect "toHaveCSS" with timeout 5000ms
      - waiting for locator('.pdf-download-screen')
        13 × locator resolved to <section id="planning-pdf" class="pdf-download-screen" aria-labelledby="pdf-download-title">…</section>
           - unexpected value "rgba(91, 111, 132, 0.25)"


       995 |   await expectHeaderWidth(pdfScreen);
       996 |   expect(await pdfScreen.evaluate((node) => getComputedStyle(node).backgroundImage)).not.toContain("pdf-art.jpg");
    >  997 |   await expect(pdfScreen).toHaveCSS("border-top-color", "rgba(91, 111, 132, 0.42)");
           |                           ^
       998 |   await expect(page.getByRole("heading", { name: "Préparer le planning" })).toBeVisible();
       999 |   await expect(page.getByRole("heading", { name: "Choisir le document" })).toBeVisible();
      1000 |   await expect(pdfScreen.locator(".pdf-download-settings > label").first()).toHaveCSS("border-top-width", "1px");
        at D:\Downloads\planning-solo\e2e\app.spec.ts:997:27

    attachment #1: screenshot (image/png) ──────────────────────────────────────────────────────────
    test-results\app-menu-contact-administr-bc6a8--et-PDF-restent-accessibles-mobile\test-failed-1.png
    ────────────────────────────────────────────────────────────────────────────────────────────────

    Error Context: test-results\app-menu-contact-administr-bc6a8--et-PDF-restent-accessibles-mobile\error-context.md

    attachment #3: trace (application/zip) ─────────────────────────────────────────────────────────
    test-results\app-menu-contact-administr-bc6a8--et-PDF-restent-accessibles-mobile\trace.zip
    Usage:

        npx playwright show-trace test-results\app-menu-contact-administr-bc6a8--et-PDF-restent-accessibles-mobile\trace.zip

    ────────────────────────────────────────────────────────────────────────────────────────────────

  6) [mobile] › e2e\app.spec.ts:2003:1 › l’en-tête, le sélecteur d’affichage et les années sont confortables 

    Error: expect(locator).toHaveCSS(expected) failed

    Locator:  locator('.today-overview')
    Expected: "rgba(91, 111, 132, 0.42)"
    Received: "rgba(91, 111, 132, 0.25)"
    Timeout:  5000ms

    Call log:
      - Expect "toHaveCSS" with timeout 5000ms
      - waiting for locator('.today-overview')
        14 × locator resolved to <section class="today-overview" aria-labelledby="today-title">…</section>
           - unexpected value "rgba(91, 111, 132, 0.25)"


      2018 |   await expect(update).toHaveCount(0);
      2019 |   await expect(switcher).toHaveCSS("border-top-color", "rgba(0, 0, 0, 0.62)");
    > 2020 |   await expect(page.locator(".today-overview")).toHaveCSS("border-top-color", "rgba(91, 111, 132, 0.42)");
           |                                                 ^
      2021 |   const todayHeadingBox = await page.locator(".today-overview-heading").boundingBox();
      2022 |   const headerBox = await header.boundingBox();
      2023 |   const todayOverviewBox = await page.locator(".today-overview").boundingBox();
        at D:\Downloads\planning-solo\e2e\app.spec.ts:2020:49

    attachment #1: screenshot (image/png) ──────────────────────────────────────────────────────────
    test-results\app-l’en-tête-le-sélecteur-90b24-es-années-sont-confortables-mobile\test-failed-1.png
    ────────────────────────────────────────────────────────────────────────────────────────────────

    Error Context: test-results\app-l’en-tête-le-sélecteur-90b24-es-années-sont-confortables-mobile\error-context.md

    attachment #3: trace (application/zip) ─────────────────────────────────────────────────────────
    test-results\app-l’en-tête-le-sélecteur-90b24-es-années-sont-confortables-mobile\trace.zip
    Usage:

        npx playwright show-trace test-results\app-l’en-tête-le-sélecteur-90b24-es-années-sont-confortables-mobile\trace.zip

    ────────────────────────────────────────────────────────────────────────────────────────────────

  7) [mobile] › e2e\app.spec.ts:2437:1 › le compte avertit lorsqu’une nouvelle version est disponible 

    Error: expect(locator).toHaveCSS(expected) failed

    Locator:  getByRole('alertdialog', { name: 'Une mise à jour est disponible' }).getByRole('button', { name: 'Mettre à jour maintenant' })
    Expected: "rgb(197, 47, 66)"
    Received: "rgb(73, 100, 141)"
    Timeout:  5000ms

    Call log:
      - Expect "toHaveCSS" with timeout 5000ms
      - waiting for getByRole('alertdialog', { name: 'Une mise à jour est disponible' }).getByRole('button', { name: 'Mettre à jour maintenant' })
        14 × locator resolved to <button type="button" class="save-button update-now-button">Mettre à jour maintenant</button>
           - unexpected value "rgb(73, 100, 141)"


      2445 |   const updateNowButton = updateDialog.getByRole("button", { name: "Mettre à jour maintenant" });
      2446 |   await expect(updateNowButton).toBeVisible();
    > 2447 |   await expect(updateNowButton).toHaveCSS("background-color", "rgb(197, 47, 66)");
           |                                 ^
      2448 |   await expect(updateNowButton).toHaveCSS("color", "rgb(255, 255, 255)");
      2449 |   await page.waitForTimeout(500);
      2450 |   await expect.poll(() => page.evaluate(() => localStorage.getItem("planning:update-no-auto-reload"))).toBe("conservé");
        at D:\Downloads\planning-solo\e2e\app.spec.ts:2447:33

    attachment #1: screenshot (image/png) ──────────────────────────────────────────────────────────
    test-results\app-le-compte-avertit-lors-34d66-elle-version-est-disponible-mobile\test-failed-1.png
    ────────────────────────────────────────────────────────────────────────────────────────────────

    Error Context: test-results\app-le-compte-avertit-lors-34d66-elle-version-est-disponible-mobile\error-context.md

    attachment #3: trace (application/zip) ─────────────────────────────────────────────────────────
    test-results\app-le-compte-avertit-lors-34d66-elle-version-est-disponible-mobile\trace.zip
    Usage:

        npx playwright show-trace test-results\app-le-compte-avertit-lors-34d66-elle-version-est-disponible-mobile\trace.zip

    ────────────────────────────────────────────────────────────────────────────────────────────────

  8) [mobile] › e2e\app.spec.ts:2465:1 › le CET se configure et conserve un historique cohérent ────

    Error: expect(locator).toHaveCSS(expected) failed

    Locator:  getByRole('button', { name: 'Faire une demande d’ouverture' })
    Expected: "rgb(49, 94, 170)"
    Received: "rgb(73, 100, 141)"
    Timeout:  5000ms

    Call log:
      - Expect "toHaveCSS" with timeout 5000ms
      - waiting for getByRole('button', { name: 'Faire une demande d’ouverture' })
        14 × locator resolved to <button type="button" class="primary-action cet-opening-request-action">Faire une demande d’ouverture</button>
           - unexpected value "rgb(73, 100, 141)"


      2483 |   await expect(page.getByLabel("Date d’ouverture (facultatif)")).toHaveCount(0);
      2484 |   const openingRequest = page.getByRole("button", { name: "Faire une demande d’ouverture" });
    > 2485 |   await expect(openingRequest).toHaveCSS("background-color", "rgb(49, 94, 170)");
           |                                ^
      2486 |   await expect(openingRequest).toHaveCSS("color", "rgb(255, 255, 255)");
      2487 |   await openingRequest.click();
      2488 |   const openingForm = page.getByRole("dialog", { name: "Ouvrir mon compte épargne-temps" });
        at D:\Downloads\planning-solo\e2e\app.spec.ts:2485:32

    attachment #1: screenshot (image/png) ──────────────────────────────────────────────────────────
    test-results\app-le-CET-se-configure-et-conserve-un-historique-cohérent-mobile\test-failed-1.png
    ────────────────────────────────────────────────────────────────────────────────────────────────

    Error Context: test-results\app-le-CET-se-configure-et-conserve-un-historique-cohérent-mobile\error-context.md

    attachment #3: trace (application/zip) ─────────────────────────────────────────────────────────
    test-results\app-le-CET-se-configure-et-conserve-un-historique-cohérent-mobile\trace.zip
    Usage:

        npx playwright show-trace test-results\app-le-CET-se-configure-et-conserve-un-historique-cohérent-mobile\trace.zip

    ────────────────────────────────────────────────────────────────────────────────────────────────

  8 failed
    [ordinateur] › e2e\app.spec.ts:812:1 › menu, contact administratrice, paie et PDF restent accessibles 
    [ordinateur] › e2e\app.spec.ts:2003:1 › l’en-tête, le sélecteur d’affichage et les années sont confortables 
    [ordinateur] › e2e\app.spec.ts:2437:1 › le compte avertit lorsqu’une nouvelle version est disponible 
    [ordinateur] › e2e\app.spec.ts:2465:1 › le CET se configure et conserve un historique cohérent ─
    [mobile] › e2e\app.spec.ts:812:1 › menu, contact administratrice, paie et PDF restent accessibles 
    [mobile] › e2e\app.spec.ts:2003:1 › l’en-tête, le sélecteur d’affichage et les années sont confortables 
    [mobile] › e2e\app.spec.ts:2437:1 › le compte avertit lorsqu’une nouvelle version est disponible 
    [mobile] › e2e\app.spec.ts:2465:1 › le CET se configure et conserve un historique cohérent ─────
  10 skipped
  138 passed (3.0m)
