
> planning-solo@1.0.0 build
> tsc -b && vite build && node scripts/stamp-sw.mjs

vite v8.2.2 building client environment for production...
transforming...
✓ 365 modules transformed.
rendering chunks...
computing gzip size...
dist/index.html                                       0.77 kB │ gzip:   0.44 kB
dist/assets/ColleagueRequestNotice-CJ5UVOe4.css       1.01 kB │ gzip:   0.48 kB
dist/assets/HomeDashboard-BlJCb8fs.css                3.58 kB │ gzip:   1.17 kB
dist/assets/usefulDocumentAdmin-DPc2hY2Z.css          5.70 kB │ gzip:   1.54 kB
dist/assets/feedbackMessenger-B-xMGlOe.css           13.40 kB │ gzip:   3.30 kB
dist/assets/ColleaguePlanningPage-AagMrNR7.css       26.88 kB │ gzip:   5.66 kB
dist/assets/index-BG9Kc_zs.css                      353.21 kB │ gzip:  66.12 kB
dist/assets/usefulDocumentAdmin-DrXsU-OF.js           0.47 kB │ gzip:   0.30 kB
dist/assets/rolldown-runtime-C0FnF6B9.js              1.29 kB │ gzip:   0.71 kB
dist/assets/usefulDocumentsApi-CnP4qv6l.js            1.84 kB │ gzip:   0.65 kB
dist/assets/DocumentAnnouncementNotice-DVGayh2a.js    1.89 kB │ gzip:   0.98 kB
dist/assets/cetFormsPdf-BzCMKBs5.js                   2.29 kB │ gzip:   1.09 kB
dist/assets/colleaguePlanningPdf-CCpUEJTM.js          2.77 kB │ gzip:   1.44 kB
dist/assets/ColleagueRequestNotice-_-R3hCQD.js        3.71 kB │ gzip:   1.47 kB
dist/assets/NoteReminderButton-DkfgIZ3B.js            3.71 kB │ gzip:   1.38 kB
dist/assets/SchoolVacationUi-BE8PlRGG.js              4.45 kB │ gzip:   1.64 kB
dist/assets/HomeDashboard-ERVOe30S.js                 6.24 kB │ gzip:   1.95 kB
dist/assets/PayEstimateDetails-c_-WIuXw.js            8.54 kB │ gzip:   2.29 kB
dist/assets/WorkAccidentSection-B-Mk5uvr.js           9.90 kB │ gzip:   3.23 kB
dist/assets/PayPage-BfSKkHpX.js                      11.65 kB │ gzip:   3.39 kB
dist/assets/FeedbackMessenger-D5cqVVhN.js            12.01 kB │ gzip:   3.86 kB
dist/assets/UsefulContactsSection-CRIw9TPQ.js        12.31 kB │ gzip:   3.59 kB
dist/assets/planningPdf-DN45WQYc.js                  17.21 kB │ gzip:   6.44 kB
dist/assets/src-SuYvKHvm.js                          17.24 kB │ gzip:   7.31 kB
dist/assets/UsefulFormsSection-2pmsMm8Z.js           18.65 kB │ gzip:   6.09 kB
dist/assets/ColleaguePlanningPage-DilpnCdg.js        24.86 kB │ gzip:   6.96 kB
dist/assets/purify.es-JEAr64Sr.js                    27.12 kB │ gzip:  10.53 kB
dist/assets/index.es-C4OmB6OU.js                    151.33 kB │ gzip:  48.89 kB
dist/assets/html2canvas-CqRbOVeq.js                 199.50 kB │ gzip:  46.77 kB
dist/assets/jspdf.es.min-U41r_847.js                399.19 kB │ gzip: 129.63 kB
dist/assets/index-BtLFV4Ur.js                       636.37 kB │ gzip: 187.11 kB

✓ built in 1.18s
[plugin builtin:vite-reporter] 
(!) Some chunks are larger than 500 kB after minification. Consider:
- Using dynamic import() to code-split the application
- Use build.rolldownOptions.output.codeSplitting to improve chunking: https://rolldown.rs/reference/OutputOptions.codeSplitting
- Adjust chunk size limit for this warning via build.chunkSizeWarningLimit.
stamp-sw: CACHE = planning-solo-1f69b1b03823; formulaire = demandes-1f69b1b03823
