
> planning-solo@1.0.0 build
> tsc -b && vite build && node scripts/stamp-sw.mjs

vite v8.2.2 building client environment for production...
transforming...
✓ 365 modules transformed.
rendering chunks...
computing gzip size...
dist/index.html                                       0.77 kB │ gzip:   0.44 kB
dist/assets/ColleagueRequestNotice-CJ5UVOe4.css       1.01 kB │ gzip:   0.48 kB
dist/assets/HomeDashboard-BlJCb8fs.css                3.58 kB │ gzip:   1.17 kB
dist/assets/usefulDocumentAdmin-D9f-NNiF.css          5.61 kB │ gzip:   1.52 kB
dist/assets/feedbackMessenger-B-xMGlOe.css           13.40 kB │ gzip:   3.30 kB
dist/assets/ColleaguePlanningPage-BWaj-7x5.css       26.88 kB │ gzip:   5.67 kB
dist/assets/index-BG9Kc_zs.css                      353.21 kB │ gzip:  66.12 kB
dist/assets/usefulDocumentAdmin-bP0Eysys.js           0.47 kB │ gzip:   0.30 kB
dist/assets/rolldown-runtime-C0FnF6B9.js              1.29 kB │ gzip:   0.71 kB
dist/assets/usefulDocumentsApi-CnP4qv6l.js            1.84 kB │ gzip:   0.65 kB
dist/assets/DocumentAnnouncementNotice-14c681xr.js    1.89 kB │ gzip:   0.98 kB
dist/assets/cetFormsPdf-BcbEQWf5.js                   2.29 kB │ gzip:   1.09 kB
dist/assets/colleaguePlanningPdf-Dz5eGguV.js          2.77 kB │ gzip:   1.44 kB
dist/assets/ColleagueRequestNotice-CDbWTIlH.js        3.71 kB │ gzip:   1.47 kB
dist/assets/NoteReminderButton-CfxnvBRD.js            3.71 kB │ gzip:   1.38 kB
dist/assets/SchoolVacationUi-C7KkY8BP.js              4.45 kB │ gzip:   1.64 kB
dist/assets/HomeDashboard-BKfWL9by.js                 6.24 kB │ gzip:   1.95 kB
dist/assets/PayEstimateDetails-brOCV_9u.js            8.54 kB │ gzip:   2.28 kB
dist/assets/WorkAccidentSection-yXkCZIY9.js           9.90 kB │ gzip:   3.23 kB
dist/assets/PayPage-CCC3lUfo.js                      11.65 kB │ gzip:   3.39 kB
dist/assets/FeedbackMessenger-Blx3MOM8.js            12.01 kB │ gzip:   3.86 kB
dist/assets/UsefulContactsSection-BPBSZHMs.js        12.31 kB │ gzip:   3.59 kB
dist/assets/planningPdf-DZ3sZOqC.js                  17.21 kB │ gzip:   6.44 kB
dist/assets/src-SuYvKHvm.js                          17.24 kB │ gzip:   7.31 kB
dist/assets/UsefulFormsSection-pRqtZn9C.js           18.65 kB │ gzip:   6.09 kB
dist/assets/ColleaguePlanningPage-CocfBh2-.js        24.86 kB │ gzip:   6.96 kB
dist/assets/purify.es-JEAr64Sr.js                    27.12 kB │ gzip:  10.53 kB
dist/assets/index.es-CBbm9vvE.js                    151.33 kB │ gzip:  48.89 kB
dist/assets/html2canvas-CqRbOVeq.js                 199.50 kB │ gzip:  46.77 kB
dist/assets/jspdf.es.min-Dqmf0pFM.js                399.19 kB │ gzip: 129.63 kB
dist/assets/index-B5ywpegq.js                       636.37 kB │ gzip: 187.10 kB

✓ built in 1.86s
[plugin builtin:vite-reporter] 
(!) Some chunks are larger than 500 kB after minification. Consider:
- Using dynamic import() to code-split the application
- Use build.rolldownOptions.output.codeSplitting to improve chunking: https://rolldown.rs/reference/OutputOptions.codeSplitting
- Adjust chunk size limit for this warning via build.chunkSizeWarningLimit.
stamp-sw: CACHE = planning-solo-ed2d3ad4ccc5; formulaire = demandes-ed2d3ad4ccc5
