
> planning-solo@1.0.0 build
> tsc -b && vite build && node scripts/stamp-sw.mjs

vite v8.2.2 building client environment for production...
transforming...
✓ 361 modules transformed.
rendering chunks...
computing gzip size...
dist/index.html                                       0.77 kB │ gzip:   0.45 kB
dist/assets/ColleagueRequestNotice-CJ5UVOe4.css       1.01 kB │ gzip:   0.48 kB
dist/assets/UsefulFormsSection-BfQVdaP_.css           2.57 kB │ gzip:   0.83 kB
dist/assets/HomeDashboard-BlJCb8fs.css                3.58 kB │ gzip:   1.17 kB
dist/assets/feedbackMessenger-B-xMGlOe.css           13.40 kB │ gzip:   3.30 kB
dist/assets/ColleaguePlanningPage-BWaj-7x5.css       26.88 kB │ gzip:   5.67 kB
dist/assets/index-CAXZkOtb.css                      353.34 kB │ gzip:  66.06 kB
dist/assets/resourceFavorites-C4U9ehGw.js             0.47 kB │ gzip:   0.30 kB
dist/assets/usefulDocumentsApi-DY1qXz8_.js            1.25 kB │ gzip:   0.58 kB
dist/assets/rolldown-runtime-C0FnF6B9.js              1.29 kB │ gzip:   0.71 kB
dist/assets/DocumentAnnouncementNotice-DCOHy2bt.js    1.78 kB │ gzip:   0.92 kB
dist/assets/cetFormsPdf-CIZqYh9e.js                   2.29 kB │ gzip:   1.09 kB
dist/assets/colleaguePlanningPdf-D99Od9OZ.js          2.77 kB │ gzip:   1.44 kB
dist/assets/ColleagueRequestNotice-DgGmkX25.js        3.71 kB │ gzip:   1.47 kB
dist/assets/NoteReminderButton-Btvf2ZOV.js            3.71 kB │ gzip:   1.38 kB
dist/assets/SchoolVacationUi-BF7_0wQi.js              4.45 kB │ gzip:   1.64 kB
dist/assets/HomeDashboard-k3_M62jE.js                 6.24 kB │ gzip:   1.95 kB
dist/assets/UsefulContactsSection--CND0-W7.js         8.49 kB │ gzip:   2.40 kB
dist/assets/PayEstimateDetails-BM3hDDOt.js            8.54 kB │ gzip:   2.28 kB
dist/assets/WorkAccidentSection-a95JjJsK.js           9.90 kB │ gzip:   3.23 kB
dist/assets/PayPage-CLFxZ3PY.js                      11.65 kB │ gzip:   3.39 kB
dist/assets/FeedbackMessenger-Bq-oMCat.js            12.01 kB │ gzip:   3.86 kB
dist/assets/UsefulFormsSection-B7DElm3W.js           13.17 kB │ gzip:   4.64 kB
dist/assets/planningPdf-DmrcQSAJ.js                  17.21 kB │ gzip:   6.44 kB
dist/assets/src-SuYvKHvm.js                          17.24 kB │ gzip:   7.31 kB
dist/assets/ColleaguePlanningPage-QK4N8Yy1.js        24.86 kB │ gzip:   6.96 kB
dist/assets/purify.es-JEAr64Sr.js                    27.12 kB │ gzip:  10.53 kB
dist/assets/index.es-CVREiOeD.js                    151.33 kB │ gzip:  48.89 kB
dist/assets/html2canvas-CqRbOVeq.js                 199.50 kB │ gzip:  46.77 kB
dist/assets/jspdf.es.min-yTn1hZxa.js                399.19 kB │ gzip: 129.63 kB
dist/assets/index-DpY3ayLt.js                       636.08 kB │ gzip: 187.08 kB

✓ built in 722ms
[plugin builtin:vite-reporter] 
(!) Some chunks are larger than 500 kB after minification. Consider:
- Using dynamic import() to code-split the application
- Use build.rolldownOptions.output.codeSplitting to improve chunking: https://rolldown.rs/reference/OutputOptions.codeSplitting
- Adjust chunk size limit for this warning via build.chunkSizeWarningLimit.
stamp-sw: CACHE = planning-solo-f7c08501d148; formulaire = demandes-f7c08501d148
