
> planning-solo@1.0.0 build
> tsc -b && vite build && node scripts/stamp-sw.mjs

vite v8.2.2 building client environment for production...
transforming...
✓ 361 modules transformed.
rendering chunks...
computing gzip size...
dist/index.html                                       0.77 kB │ gzip:   0.44 kB
dist/assets/ColleagueRequestNotice-CJ5UVOe4.css       1.01 kB │ gzip:   0.48 kB
dist/assets/UsefulFormsSection-BfQVdaP_.css           2.57 kB │ gzip:   0.83 kB
dist/assets/HomeDashboard-BlJCb8fs.css                3.58 kB │ gzip:   1.17 kB
dist/assets/feedbackMessenger-B-xMGlOe.css           13.40 kB │ gzip:   3.30 kB
dist/assets/ColleaguePlanningPage-BWaj-7x5.css       26.88 kB │ gzip:   5.67 kB
dist/assets/index-CI1e3rXl.css                      349.23 kB │ gzip:  65.29 kB
dist/assets/resourceFavorites-C4U9ehGw.js             0.47 kB │ gzip:   0.30 kB
dist/assets/usefulDocumentsApi-DY1qXz8_.js            1.25 kB │ gzip:   0.58 kB
dist/assets/rolldown-runtime-C0FnF6B9.js              1.29 kB │ gzip:   0.71 kB
dist/assets/DocumentAnnouncementNotice-DICcTChx.js    1.78 kB │ gzip:   0.92 kB
dist/assets/cetFormsPdf-bH57BdXL.js                   2.29 kB │ gzip:   1.09 kB
dist/assets/colleaguePlanningPdf-DVbRbTXK.js          2.77 kB │ gzip:   1.44 kB
dist/assets/ColleagueRequestNotice-n8j4zDAL.js        3.71 kB │ gzip:   1.47 kB
dist/assets/NoteReminderButton-BsNMlWHz.js            3.71 kB │ gzip:   1.38 kB
dist/assets/SchoolVacationUi-B-px_wP-.js              4.45 kB │ gzip:   1.64 kB
dist/assets/HomeDashboard-DwFctYLP.js                 6.24 kB │ gzip:   1.95 kB
dist/assets/UsefulContactsSection-jIImp4b7.js         8.49 kB │ gzip:   2.40 kB
dist/assets/PayEstimateDetails-DQBczyiy.js            8.54 kB │ gzip:   2.29 kB
dist/assets/WorkAccidentSection-DaQM7-pH.js           9.90 kB │ gzip:   3.23 kB
dist/assets/PayPage-D5JvtASa.js                      11.11 kB │ gzip:   3.25 kB
dist/assets/FeedbackMessenger-CedkPCdE.js            12.01 kB │ gzip:   3.86 kB
dist/assets/UsefulFormsSection-cvZD6CBj.js           13.17 kB │ gzip:   4.63 kB
dist/assets/planningPdf-BB1QK3_h.js                  17.21 kB │ gzip:   6.44 kB
dist/assets/src-SuYvKHvm.js                          17.24 kB │ gzip:   7.31 kB
dist/assets/ColleaguePlanningPage-DA0daCEC.js        24.86 kB │ gzip:   6.96 kB
dist/assets/purify.es-JEAr64Sr.js                    27.12 kB │ gzip:  10.53 kB
dist/assets/index.es-D0HpKapx.js                    151.33 kB │ gzip:  48.89 kB
dist/assets/html2canvas-CqRbOVeq.js                 199.50 kB │ gzip:  46.77 kB
dist/assets/jspdf.es.min-CHkupeSy.js                399.19 kB │ gzip: 129.63 kB
dist/assets/index-zeVeqJhJ.js                       635.00 kB │ gzip: 186.15 kB

✓ built in 4.31s
[plugin builtin:vite-reporter] 
(!) Some chunks are larger than 500 kB after minification. Consider:
- Using dynamic import() to code-split the application
- Use build.rolldownOptions.output.codeSplitting to improve chunking: https://rolldown.rs/reference/OutputOptions.codeSplitting
- Adjust chunk size limit for this warning via build.chunkSizeWarningLimit.
[PLUGIN_TIMINGS] Your build spent 89% of 4.2s inside plugin hooks (3.7s).
Measured inside the callback, so queue time is excluded and time the callback itself awaited is not:
  - vite:css transform (39%, 1.6s, 14 calls)
  - vite:prepare-out-dir renderStart (33%, 1.4s, 1 call)
See https://rolldown.rs/reference/InputOptions.checks#plugintimings for more details.

stamp-sw: CACHE = planning-solo-44808548db72; formulaire = demandes-44808548db72
