
> planning-solo@1.0.0 build
> tsc -b && vite build && node scripts/stamp-sw.mjs

vite v8.2.2 building client environment for production...
transforming...
✓ 364 modules transformed.
rendering chunks...
computing gzip size...
dist/index.html                                       0.77 kB │ gzip:   0.44 kB
dist/assets/ColleagueRequestNotice-CJ5UVOe4.css       1.01 kB │ gzip:   0.48 kB
dist/assets/HomeDashboard-BlJCb8fs.css                3.58 kB │ gzip:   1.17 kB
dist/assets/UsefulFormsSection-ev0Py4u-.css           5.34 kB │ gzip:   1.48 kB
dist/assets/feedbackMessenger-B-xMGlOe.css           13.40 kB │ gzip:   3.30 kB
dist/assets/ColleaguePlanningPage-BWaj-7x5.css       26.88 kB │ gzip:   5.67 kB
dist/assets/index-C76oyncm.css                      352.56 kB │ gzip:  66.01 kB
dist/assets/resourceFavorites-C4U9ehGw.js             0.47 kB │ gzip:   0.30 kB
dist/assets/rolldown-runtime-C0FnF6B9.js              1.29 kB │ gzip:   0.71 kB
dist/assets/usefulDocumentsApi-CnP4qv6l.js            1.84 kB │ gzip:   0.65 kB
dist/assets/DocumentAnnouncementNotice-ygObbDh9.js    1.89 kB │ gzip:   0.98 kB
dist/assets/cetFormsPdf-hZFy9Ull.js                   2.29 kB │ gzip:   1.09 kB
dist/assets/colleaguePlanningPdf-v4cQFqYH.js          2.77 kB │ gzip:   1.44 kB
dist/assets/ColleagueRequestNotice-PF0kTh_0.js        3.71 kB │ gzip:   1.47 kB
dist/assets/NoteReminderButton-B8mDyWkv.js            3.71 kB │ gzip:   1.38 kB
dist/assets/SchoolVacationUi-BKCqtbSE.js              4.45 kB │ gzip:   1.64 kB
dist/assets/HomeDashboard-BV0D68lr.js                 6.24 kB │ gzip:   1.95 kB
dist/assets/UsefulContactsSection-ez3ECabw.js         8.49 kB │ gzip:   2.40 kB
dist/assets/PayEstimateDetails-Dmt3F6l5.js            8.54 kB │ gzip:   2.29 kB
dist/assets/WorkAccidentSection-BOnutq87.js           9.90 kB │ gzip:   3.24 kB
dist/assets/PayPage-UcRtqvEc.js                      11.65 kB │ gzip:   3.39 kB
dist/assets/FeedbackMessenger-CGo_HcRr.js            12.01 kB │ gzip:   3.86 kB
dist/assets/planningPdf-DqqyljiS.js                  17.21 kB │ gzip:   6.44 kB
dist/assets/src-SuYvKHvm.js                          17.24 kB │ gzip:   7.31 kB
dist/assets/UsefulFormsSection-S5DqBiCt.js           18.65 kB │ gzip:   6.10 kB
dist/assets/ColleaguePlanningPage-l2imnfGK.js        24.86 kB │ gzip:   6.96 kB
dist/assets/purify.es-JEAr64Sr.js                    27.12 kB │ gzip:  10.53 kB
dist/assets/index.es-8gNXCX44.js                    151.33 kB │ gzip:  48.89 kB
dist/assets/html2canvas-CqRbOVeq.js                 199.50 kB │ gzip:  46.77 kB
dist/assets/jspdf.es.min-WDeEjPEP.js                399.19 kB │ gzip: 129.63 kB
dist/assets/index-BEQaiZvL.js                       636.08 kB │ gzip: 187.07 kB

✓ built in 1.65s
[plugin builtin:vite-reporter] 
(!) Some chunks are larger than 500 kB after minification. Consider:
- Using dynamic import() to code-split the application
- Use build.rolldownOptions.output.codeSplitting to improve chunking: https://rolldown.rs/reference/OutputOptions.codeSplitting
- Adjust chunk size limit for this warning via build.chunkSizeWarningLimit.
stamp-sw: CACHE = planning-solo-afa59616b2e3; formulaire = demandes-afa59616b2e3
